
> wdio-cucumber-saucedemo@1.0.0 test
> wdio run wdio.cucumber.conf.js


Execution of 2 workers started at 2026-05-17T16:40:19.461Z

2026-05-17T16:40:19.583Z INFO chromedriver: Initiate Chromedriver Launcher (v8.1.1)
2026-05-17T16:40:19.584Z INFO wdio-geckodriver-service: Initiate Geckodriver Service (v5.0.2)
2026-05-17T16:40:19.584Z INFO @wdio/cli:launcher: Run onPrepare hook
2026-05-17T16:40:19.588Z INFO chromedriver: Start Chromedriver (C:\Users\HP\.vscode\cucumber-task\node_modules\chromedriver\lib\chromedriver\chromedriver.exe) with args --disable-dev-shm-usage --port=9515 --url-base=/
2026-05-17T16:40:19.640Z INFO chromedriver: Starting ChromeDriver 148.0.7778.167 (65db666ac2cf205fcc36db8bb5b9cd87f94808ac-refs/branch-heads/7778@{#2783}) on port 9515
2026-05-17T16:40:19.641Z INFO chromedriver: Only local connections are allowed.
2026-05-17T16:40:19.641Z INFO chromedriver: Please see https://chromedriver.chromium.org/security-considerations for suggestions on keeping ChromeDriver safe.
2026-05-17T16:40:19.648Z INFO chromedriver: ChromeDriver was started successfully on port 9515.
2026-05-17T16:40:19.730Z INFO @wdio/utils: Setting up browser driver for: chrome@stable - firefox@stable
2026-05-17T16:40:19.736Z INFO @wdio/utils: Setting up browser binaries for: chrome@stable - firefox@stable
2026-05-17T16:40:19.739Z INFO webdriver: Using Chromedriver v148.0.7778.168 from cache directory C:\Users\HP\AppData\Local\Temp
2026-05-17T16:40:19.744Z INFO @wdio/cli:launcher: Run onWorkerStart hook
2026-05-17T16:40:19.745Z INFO @wdio/cli:launcher: Run onWorkerStart hook
2026-05-17T16:40:19.746Z INFO @wdio/local-runner: Start worker 0-0 with arg: run,wdio.cucumber.conf.js
2026-05-17T16:40:19.757Z INFO @wdio/local-runner: Start worker 1-0 with arg: run,wdio.cucumber.conf.js
[0-0] 2026-05-17T16:40:21.219Z INFO @wdio/local-runner: Run worker command: run
[1-0] 2026-05-17T16:40:21.229Z INFO @wdio/local-runner: Run worker command: run
[0-0] 2026-05-17T16:40:21.411Z INFO wdio-geckodriver-service: Initiate Geckodriver Service (v5.0.2)
[1-0] 2026-05-17T16:40:21.433Z INFO wdio-geckodriver-service: Initiate Geckodriver Service (v5.0.2)
[1-0] 2026-05-17T16:40:21.445Z INFO geckodriver: Starting Geckodriver at C:\Users\HP\AppData\Local\Temp\geckodriver.exe with params: --port=51169 --host=0.0.0.0 --websocket-port=0
[1-0] 2026-05-17T16:40:21.460Z INFO wdio-geckodriver-service: Geckodriver started for worker 1-0 on port 51169 with args: C:\Users\HP\AppData\Local\Temp\geckodriver.exe --port=51169 --host=0.0.0.0 --websocket-port=0
[1-0] Waiting for localhost:51169.
[1-0] Connected!
[0-0] RUNNING in chrome - file:///C:/Users/HP/.vscode/cucumber-task/features/login.feature
[0-0] 2026-05-17T16:40:22.159Z INFO webdriver: Initiate new session using the WebDriver protocol
[0-0] 2026-05-17T16:40:22.159Z INFO @wdio/utils: Connecting to existing driver at http://localhost:9515/
[0-0] 2026-05-17T16:40:22.167Z INFO webdriver: [POST] http://localhost:9515/session
[0-0] 2026-05-17T16:40:22.167Z INFO webdriver: DATA {
[0-0]   capabilities: {
[0-0]     alwaysMatch: { browserName: 'chrome', 'goog:chromeOptions': [Object] },
[0-0]     firstMatch: [ {} ]
[0-0]   },
[0-0]   desiredCapabilities: { browserName: 'chrome', 'goog:chromeOptions': { args: [Array] } }
[0-0] }
[1-0] RUNNING in firefox - file:///C:/Users/HP/.vscode/cucumber-task/features/login.feature
[1-0] 2026-05-17T16:40:22.218Z INFO webdriver: Initiate new session using the WebDriver protocol
[1-0] 2026-05-17T16:40:22.218Z INFO @wdio/utils: Connecting to existing driver at http://127.0.0.1:51169/
[1-0] 2026-05-17T16:40:22.224Z INFO webdriver: [POST] http://127.0.0.1:51169/session
[1-0] 2026-05-17T16:40:22.225Z INFO webdriver: DATA {
[1-0]   capabilities: {
[1-0]     alwaysMatch: { browserName: 'firefox', 'moz:firefoxOptions': [Object] },
[1-0]     firstMatch: [ {} ]
[1-0]   },
[1-0]   desiredCapabilities: { browserName: 'firefox', 'moz:firefoxOptions': { args: [] } }
[1-0] }
node.exe : [0-0] 2026-05-17T16:40:22.942Z ERROR @wdio/runner: Error [ERR_REQUIR
E_ASYNC_MODULE]: require() cannot be used on an ESM graph with top-level await.
 Use import() instead. To see where the top-level await comes from, use --exper
imental-print-required-tla.
At line:1 char:1
+ & "C:\Program Files\nodejs/node.exe" "C:\Users\HP\AppData\Roaming\npm ...
+ ~~~~~~~~~~~~~~~~~~~~~~~~~~~~~~~~~~~~~~~~~~~~~~~~~~~~~~~~~~~~~~~~~~~~~
    + CategoryInfo          : NotSpecified: ([0-0] 2026-05-1...t-required-tla. 
   :String) [], RemoteException
    + FullyQualifiedErrorId : NativeCommandError
 
[0-0]   From C:\Users\HP\.vscode\cucumber-task\node_modules\@wdio\cucumber-fram
ework\node_modules\@cucumber\cucumber\lib\formatter\builder.js 
[0-0]   Requiring C:\Users\HP\.vscode\cucumber-task\node_modules\@wdio\cucumber
-framework\build\cucumberFormatter.js 
[0-0]     at ModuleJobSync.runSync (node:internal/modules/esm/module_job:454:13
)
[0-0]     at ModuleLoader.importSyncForRequire (node:internal/modules/esm/loade
r:435:47)
[0-0]     at loadESMFromCJS (node:internal/modules/cjs/loader:1537:24)
[0-0]     at Module._compile (node:internal/modules/cjs/loader:1688:5)
[0-0]     at Object..js (node:internal/modules/cjs/loader:1839:10)
[0-0]     at Module.load (node:internal/modules/cjs/loader:1441:32)
[0-0]     at Function._load (node:internal/modules/cjs/loader:1263:12)
[0-0]     at TracingChannel.traceSync (node:diagnostics_channel:322:14)
[0-0]     at wrapModuleLoad (node:internal/modules/cjs/loader:237:24)
[0-0]     at Module.require (node:internal/modules/cjs/loader:1463:12)
[0-0]  Error:  require() cannot be used on an ESM graph with top-level await. Use import() instead. To see where the top-level await comes from, use --experimental-print-required-tla.
  From C:\Users\HP\.vscode\cucumber-task\node_modules\@wdio\cucumber-framework\node_modules\@cucumber\cucumber\lib\formatter\builder.js 
  Requiring C:\Users\HP\.vscode\cucumber-task\node_modules\@wdio\cucumber-framework\build\cucumberFormatter.js 
[0-0] 2026-05-17T16:40:22.945Z INFO webdriver: COMMAND deleteSession()
[0-0] 2026-05-17T16:40:22.946Z INFO webdriver: [DELETE] http://localhost:9515/session/406a9b7a16f52576e8ed6fc7a673075f
[0-0] 2026-05-17T16:40:23.041Z INFO webdriver: RESULT null
[0-0] FAILED in chrome - file:///C:/Users/HP/.vscode/cucumber-task/features/login.feature
2026-05-17T16:40:23.172Z INFO @wdio/cli:launcher: Run onWorkerEnd hook
[1-0] 2026-05-17T16:40:26.972Z ERROR @wdio/runner: Error [ERR_REQUIRE_ASYNC_MOD
ULE]: require() cannot be used on an ESM graph with top-level await. Use import
() instead. To see where the top-level await comes from, use --experimental-pri
nt-required-tla.
[1-0]   From C:\Users\HP\.vscode\cucumber-task\node_modules\@wdio\cucumber-fram
ework\node_modules\@cucumber\cucumber\lib\formatter\builder.js 
[1-0]   Requiring C:\Users\HP\.vscode\cucumber-task\node_modules\@wdio\cucumber
-framework\build\cucumberFormatter.js 
[1-0]     at ModuleJobSync.runSync (node:internal/modules/esm/module_job:454:13
)
[1-0]     at ModuleLoader.importSyncForRequire (node:internal/modules/esm/loade
r:435:47)
[1-0]     at loadESMFromCJS (node:internal/modules/cjs/loader:1537:24)
[1-0]     at Module._compile (node:internal/modules/cjs/loader:1688:5)
[1-0]     at Object..js (node:internal/modules/cjs/loader:1839:10)
[1-0]     at Module.load (node:internal/modules/cjs/loader:1441:32)
[1-0]     at Function._load (node:internal/modules/cjs/loader:1263:12)
[1-0]     at TracingChannel.traceSync (node:diagnostics_channel:322:14)
[1-0]     at wrapModuleLoad (node:internal/modules/cjs/loader:237:24)
[1-0]     at Module.require (node:internal/modules/cjs/loader:1463:12)
[1-0]  Error:  require() cannot be used on an ESM graph with top-level await. Use import() instead. To see where the top-level await comes from, use --experimental-print-required-tla.
  From C:\Users\HP\.vscode\cucumber-task\node_modules\@wdio\cucumber-framework\node_modules\@cucumber\cucumber\lib\formatter\builder.js 
  Requiring C:\Users\HP\.vscode\cucumber-task\node_modules\@wdio\cucumber-framework\build\cucumberFormatter.js 
[1-0] 2026-05-17T16:40:26.975Z INFO webdriver: COMMAND deleteSession()
[1-0] 2026-05-17T16:40:26.976Z INFO webdriver: [DELETE] http://127.0.0.1:51169/session/fa42b783-93fb-4686-9472-92381f7a3c91
[1-0] 2026-05-17T16:41:35.708Z WARN webdriver: Request failed with status 404 d
ue to Tried to run command without establishing a connection
[1-0] 2026-05-17T16:41:35.709Z INFO webdriver: Retrying 1/3
[1-0] 2026-05-17T16:41:35.709Z INFO webdriver: [DELETE] http://127.0.0.1:51169/session/fa42b783-93fb-4686-9472-92381f7a3c91
[1-0] 2026-05-17T16:41:35.711Z WARN webdriver: Request failed with status 404 d
ue to Tried to run command without establishing a connection
[1-0] 2026-05-17T16:41:35.712Z INFO webdriver: Retrying 2/3
[1-0] 2026-05-17T16:41:35.712Z INFO webdriver: [DELETE] http://127.0.0.1:51169/session/fa42b783-93fb-4686-9472-92381f7a3c91
[1-0] 2026-05-17T16:41:35.715Z WARN webdriver: Request failed with status 404 d
ue to Tried to run command without establishing a connection
[1-0] 2026-05-17T16:41:35.715Z INFO webdriver: Retrying 3/3
[1-0] 2026-05-17T16:41:35.715Z INFO webdriver: [DELETE] http://127.0.0.1:51169/session/fa42b783-93fb-4686-9472-92381f7a3c91
[1-0] 2026-05-17T16:41:35.718Z ERROR webdriver: Request failed with status 404 
due to invalid session id: Tried to run command without establishing a connecti
on
[1-0] 2026-05-17T16:41:35.718Z WARN @wdio/runner: Suppressing error closing the
 session: Tried to run command without establishing a connection
[1-0] FAILED in firefox - file:///C:/Users/HP/.vscode/cucumber-task/features/login.feature
2026-05-17T16:41:35.845Z INFO @wdio/cli:launcher: Run onWorkerEnd hook
2026-05-17T16:41:35.845Z INFO @wdio/cli:launcher: Run onComplete hook

Spec Files:	 0 passed, 2 failed, 2 total (100% completed) in 00:01:16  

2026-05-17T16:41:35.847Z INFO @wdio/local-runner: Shutting down spawned worker
2026-05-17T16:41:36.112Z INFO @wdio/local-runner: Waiting for 0 to shut down gracefully
2026-05-17T16:41:36.113Z INFO @wdio/local-runner: shutting down
